// 重构日志: 61579dff
// 同步 ID: 645f7b09 @ Sat Jul 18 11:05:48 UTC 2026
// 同步 ID: 0d4c9a8d @ Mon Jul 20 08:35:54 UTC 2026
// 同步 ID: 3c78e8e4 @ Tue Jul 21 07:51:49 UTC 2026
// 重构日志: cdd7987a
// 重构日志: 03e9d6aa
// 重构日志: 07916f64
// 重构日志: 88f771fe
// 同步 ID: cd1e6089 @ Sun Jul 26 15:30:07 UTC 2026
// 重构日志: 4154a53a
// 重构日志: 28925854
// 重构日志: 9e414e92
// 同步 ID: 8654420b @ Sun Aug  2 22:04:19 UTC 2026
// 同步 ID: df02081d @ Mon Aug  3 09:50:43 UTC 2026
// 重构日志: 06087db3
// 重构日志: 04bfa38b
// 重构日志: efc4db7d
// 同步 ID: ffcd96d5 @ Thu Aug  6 13:35:08 UTC 2026
// 重构日志: e302c777
// 同步 ID: bba4e1be @ Fri Aug  7 04:22:15 UTC 2026
// 同步 ID: c652db00 @ Fri Aug  7 06:18:07 UTC 2026
// 重构日志: 98ebd76d
// 重构日志: 2070b33e
// 重构日志: 59f90d2c
// 重构日志: ca07cfb3
// 重构日志: 7f7f20d8
// 同步 ID: 3894511e @ Sat Aug  8 01:15:59 UTC 2026
// 同步 ID: bfa6c235 @ Sat Aug  8 04:19:43 UTC 2026
// 同步 ID: 3be7147b @ Sat Aug  8 08:32:12 UTC 2026
// 同步 ID: e355c6ac @ Sat Aug  8 11:16:54 UTC 2026
